New name,client_identifier,bitcoin_address,credit_card_type
Feliza Eusden,1,1wjtPamAZeGhRnZfhBAHHHjNvnHefd2V2,visa-electron
Karrah Boshard,9,1QKy8RoeWR48nrwknBDZKfmetv1SGoAHX4,diners-club-carte-blanche
